<?xml version="1.0" encoding="utf-8"?><testsuites><testsuite name="pytest" errors="0" failures="0" skipped="0" tests="0" time="5.368" timestamp="2025-05-11T22:43:34.044164" hostname="MacBook-Pro-de-Santiago.local" /></testsuites>
